// Vitest Snapshot v1

exports[`should render correctly 1`] = `
<div>
  <div
    class="App"
  >
    <header
      class="App-header"
    >
      <img
        alt="logo"
        class="App-logo"
        src="/src/logo.svg"
      />
      <p>
        Hello Vite + React!
      </p>
      <p>
        <button
          type="button"
        >
          count is: 
          0
        </button>
      </p>
      <p>
        Edit 
        <code>
          App.tsx
        </code>
         and save to test HMR updates.
      </p>
      <p>
        <a
          class="App-link"
          href="https://reactjs.org"
          rel="noopener noreferrer"
          target="_blank"
        >
          Learn React
        </a>
         | 
        <a
          class="App-link"
          href="https://vitejs.dev/guide/features.html"
          rel="noopener noreferrer"
          target="_blank"
        >
          Vite Docs
        </a>
      </p>
    </header>
  </div>
</div>
`;
